---
source: minigu-test/src/insta_test.rs
---
Statement OK. No results
---
Error: Plan(
    Bind(
        NotImplemented(
            NotImplemented {
                feature: "ANY graph type",
                issue: TrackingIssue(
                    None,
                ),
            },
        ),
    ),
)
---
Error: Execution(
    Custom(
        "Graph 'mygraph' already exists",
    ),
)
---
Error: Plan(
    Bind(
        NotImplemented(
            NotImplemented {
                feature: "graph type reference",
                issue: TrackingIssue(
                    None,
                ),
            },
        ),
    ),
)
---
Error: Plan(
    Bind(
        NotImplemented(
            NotImplemented {
                feature: "LIKE graph type",
                issue: TrackingIssue(
                    None,
                ),
            },
        ),
    ),
)
---
Error: Plan(
    Bind(
        NotImplemented(
            NotImplemented {
                feature: "ANY graph type",
                issue: TrackingIssue(
                    None,
                ),
            },
        ),
    ),
)
---
Error: Plan(
    Bind(
        NotImplemented(
            NotImplemented {
                feature: "graph expression from name",
                issue: TrackingIssue(
                    None,
                ),
            },
        ),
    ),
)
---
Error: Plan(
    Bind(
        NotImplemented(
            NotImplemented {
                feature: "graph type reference",
                issue: TrackingIssue(
                    None,
                ),
            },
        ),
    ),
)
---
Error: Plan(
    Bind(
        NotImplemented(
            NotImplemented {
                feature: "graph type reference",
                issue: TrackingIssue(
                    None,
                ),
            },
        ),
    ),
)
---
Statement OK. No results
