---
source: minigu-test/src/insta_test.rs
---
Statement OK. No results
---
Statement OK. No results
---
Error: Execution(
    Custom(
        "Graph 'mygraph' does not exist",
    ),
)
---
Error: Parser(
    Unexpected(
        UnexpectedError {
            input: "CREATE GRAPH test_graph {
  (Entity :EntityLabel {
    id STRING,
    entity_type STRING,
    deleted INT64,
    gen_time INT64,
    name STRING,
    guid STRING,
    status INT64,
    props STRING,
    test1 INT64,
    test2 INT64,
    test3 STRING,
    PRIMARY KEY (id)
  }),
  (Entity)-[:RelLabel {
    timestamp\tINT64,
    deleted\tINT64,
    rel_scene\tSTRING,
    rel_type\tSTRING,
    gen_time\tINT64,
    rel_chain\tSTRING,
    dst_guid\tSTRING,
    src_guid\tSTRING,
    status\tINT64,
    props\tSTRING,
    PRIMARY KEY (SOURCE_PRIMARY_KEY, timestamp, DESTINATION_PRIMARY_KEY)
  }]->(Entity),
}",
            span: 0..6,
            position: (
                1,
                1,
            ),
        },
    ),
)
---
Error: Parser(
    Unexpected(
        UnexpectedError {
            input: "USE GRAPH test_graph",
            span: 0..3,
            position: (
                1,
                1,
            ),
        },
    ),
)
---
Error: Parser(
    Unexpected(
        UnexpectedError {
            input: "INSERT (n:Entity {id:'table1001',entity_type:'table',deleted:0,gen_time:0,name:'dml-test',guid:'table1001',status:1,props:'table1001',test1:1001,test2:1,test3:'table1001'})",
            span: 0..6,
            position: (
                1,
                1,
            ),
        },
    ),
)
---
Error: Parser(
    Unexpected(
        UnexpectedError {
            input: "INSERT (n:Entity {id:'table10001',entity_type:'table',deleted:0,gen_time:0,name:'dml-test',guid:'table1001',status:1,props:'table1001',test1:1001,test2:1,test3:'table1001'})",
            span: 0..6,
            position: (
                1,
                1,
            ),
        },
    ),
)
---
Error: Parser(
    Unexpected(
        UnexpectedError {
            input: "MATCH (n:Entity{id:'table10001'}), (m:Entity{id:'table1001'})
INSERT (n)-[r:Rel{timestamp:0,deleted:0,rel_scene:'0',rel_type:'table2table',gen_time:0,rel_chain:'0',dst_guid:'table1001',src_guid:'table10001',status:0,props:'table10001_table2table_table1001'}]->(m)",
            span: 0..5,
            position: (
                1,
                1,
            ),
        },
    ),
)
---
Error: Plan(
    Bind(
        CurrentGraphNotSpecified,
    ),
)
---
Error: Parser(
    Unexpected(
        UnexpectedError {
            input: "MATCH (n:Entity{id:'table10001'})-[b:Rel]->(m:Entity{id:'table1001'}) RETURN n.id, b.timestamp, b.dst_guid, b.src_guid,m.id",
            span: 84..85,
            position: (
                1,
                85,
            ),
        },
    ),
)
---
Error: Parser(
    Unexpected(
        UnexpectedError {
            input: "drop edge Rel",
            span: 0..4,
            position: (
                1,
                1,
            ),
        },
    ),
)
---
Error: Parser(
    Unexpected(
        UnexpectedError {
            input: "drop node Entity",
            span: 0..4,
            position: (
                1,
                1,
            ),
        },
    ),
)
---
Error: Parser(
    Unexpected(
        UnexpectedError {
            input: "create node (Entity : EntityLabel {
  id STRING,
  entity_type STRING,
  deleted INT64,
  gen_time INT64,
  name STRING,
  guid STRING,
  status INT64,
  props STRING,
  test1 INT64,
  test2 INT64,
  test3 STRING,
  test4 STRING,
  PRIMARY KEY (id)
})",
            span: 0..6,
            position: (
                1,
                1,
            ),
        },
    ),
)
---
Error: Parser(
    Unexpected(
        UnexpectedError {
            input: "create edge (Entity)-[Rel: RelLabel {
    timestamp\tINT64,
    deleted\tINT64,
    rel_scene\tSTRING,
    rel_type\tSTRING,
    gen_time\tINT64,
    rel_chain\tSTRING,
    dst_guid\tSTRING,
    src_guid\tSTRING,
    status\tINT64,
    props\tSTRING,
    props1  STRING,
    PRIMARY KEY (SOURCE_PRIMARY_KEY, timestamp, DESTINATION_PRIMARY_KEY)
}]->(Entity)",
            span: 0..6,
            position: (
                1,
                1,
            ),
        },
    ),
)
---
Error: Parser(
    Unexpected(
        UnexpectedError {
            input: "INSERT (n:Entity {id:'table2001',entity_type:'table',deleted:0,gen_time:0,name:'dml-test',guid:'table2001',status:1,props:'table2001',test1:2001,test2:1,test3:'table2001',test4:'table2001'})",
            span: 0..6,
            position: (
                1,
                1,
            ),
        },
    ),
)
---
Error: Parser(
    Unexpected(
        UnexpectedError {
            input: "INSERT (n:Entity {id:'table20001',entity_type:'table',deleted:0,gen_time:0,name:'dml-test',guid:'table2001',status:1,props:'table2001',test1:2001,test2:1,test3:'table2001',test4:'table2001'})",
            span: 0..6,
            position: (
                1,
                1,
            ),
        },
    ),
)
---
Error: Parser(
    Unexpected(
        UnexpectedError {
            input: "MATCH (n:Entity{id:'table20001'}), (m:Entity{id:'table2001'})
INSERT (n)-[r:Rel{timestamp:0,deleted:0,rel_scene:'0',rel_type:'table2table',gen_time:0,rel_chain:'0',dst_guid:'table2001',src_guid:'table20001',status:0,props:'table20001_table2table_table2001', props1:'props1'}]->(m)",
            span: 0..5,
            position: (
                1,
                1,
            ),
        },
    ),
)
---
Error: Plan(
    Bind(
        CurrentGraphNotSpecified,
    ),
)
---
Error: Parser(
    Unexpected(
        UnexpectedError {
            input: "MATCH (n:Entity{id:'table20001'})-[b:Rel]->(m:Entity{id:'table2001'}) RETURN n.id, b.timestamp, b.dst_guid, b.src_guid,m.id",
            span: 84..85,
            position: (
                1,
                85,
            ),
        },
    ),
)
---
Error: Execution(
    Custom(
        "Graph 'test_graph' does not exist",
    ),
)
---
Error: Parser(
    InvalidToken(
        TokenError {
            input: "# create empty graph
CREATE GRAPH test_graph",
            span: 0..1,
            position: (
                1,
                1,
            ),
            kind: InvalidToken,
        },
    ),
)
